// Jest Snapshot v1, https://goo.gl/fbAQLP

exports[`Input component should key press correctly 1`] = `
<ul
  class="sc-gKclnd bPwDyF"
/>
`;
